Pro Fortran Compiler - Version zz 1.1

Map of: maze.for



****************
* Unit  MAZE   *
****************

Name    Kind        Type   Area    Offset

BEENTO  Array       Log*1  Data    001B (27)
CASE    Variable    Int*1  Data    0568 (1384)
CHOICE  Stmnt func  Int*1  
COUNT   Variable    Int*2  Data    0562 (1378)
DOWN    Variable    Log*1  Data    0567 (1383)
EXIT    Variable    Log*1  Data    0018 (24)
I       Variable    Int*1  Data    0019 (25)
ILIM    Variable    Int*1  Data    0014 (20)
INT     Intrinsic   Int    
J       Variable    Int*1  Data    001A (26)
JLIM    Variable    Int*1  Data    0015 (21)
JSTART  Variable    Int*1  Data    04FD (1277)
LEFT    Variable    Log*1  Data    0564 (1380)
OK      Stmnt func  Log*1  
PATRN1  Variable    Real   Data    0000 (0)
PATRN2  Variable    Real   Data    0004 (4)
PATRN3  Variable    Real   Data    0008 (8)
PATRN4  Variable    Real   Data    000C (12)
RANDOM  External    Real   
RIGHT   Variable    Log*1  Data    0565 (1381)
ROW     Array       Real   Data    04FE (1278)
SIZE    Variable    Int*2  Data    0016 (22)
UP      Variable    Log*1  Data    0566 (1382)
WALLS   Array       Int*1  Data    028C (652)
WAYS    Variable    Int*1  


Sizes:-

Data    0569 (1385)

0566 (1382)
WALLS   Array       Int*1  Data    028C (652)
WAYS    Variable    Int*1  


Sizes:-

Data    0569 (1385)