EXTENS                                                                  Page 1


     1 program extens;
     1  { this program does not demonstractte file I/O since that is }
     1  { demonstrated in the fileio routine			   }
     1  
     1  const tabtop = 52;
     1        tabtopp1 = tabtop+1;	{ notice expression of constants }
     1  { use this type to show i/o of enumeration types }
     1  
     1  type color = ( red, yellow, blue, green, orange, violet );
     1       anstyp = string 20;
     1  
     1  var  a,b: color;
     1       answer: anstyp;
     1  
     1  procedure systemok; external;  { external routine to check the system }
     1  
     1  begin
     1      systemok;		{ verify the system }
     2      repeat
     3  	write( 'Enter a color (red, yellow, blue, green, orange, violet): ' );
     4  	readln( a );
     5  	{ show a case statement with an else clause }
     5  	case a of
     6  	    red, yellow, blue: writeln( a:1, ' is a primary color' );
     7  	    orange: writeln( 'orange is made from yellow and red' );
     8  	    violet: writeln( 'violet is made from blue and red' );
     9  	    else:  writeln( 'green is made from blue and yellow' );
    10  	    end;
    10  	write( 'Again? ' );
    11  	readln( answer );
    12      until answer = 'NO';
    13  end.
