RM/COBOL Compiler (ver 1.5E) for CP/M 2.n          01/01/78  01:11:00  PAGE    1 
SOURCE FILE: HELLO                     OPTION LIST: L                  
 
LINE  DEBUG PG/LN  A...B............................................................ID......
 
   1        000100 IDENTIFICATION DIVISION. 
   2        000200 PROGRAM-ID. HELLOWORLD. 
   3        000300 
   4        000500 ENVIRONMENT DIVISION. 
   5        000600 CONFIGURATION SECTION. 
   6        000700 SOURCE-COMPUTER. RM-COBOL. 
   7        000800 OBJECT-COMPUTER. RM-COBOL. 
   8        001000 DATA DIVISION. 
   9        001100 FILE SECTION. 
  10        000260 WORKING-STORAGE SECTION. 
  11        000310 PROCEDURE DIVISION. 
  12  >0000 000320 START-PROCESSING. 
  13  >0000 000340     DISPLAY "Hola". 
  14  >0004 000460     STOP RUN. 
  15        ZZZZZZ END PROGRAM.                               *** END OF FILE *** 
RM/COBOL Compiler (ver 1.5E) for CP/M 2.n          01/01/78  01:11:00  PAGE    2 
SOURCE FILE: HELLO                     OPTION LIST: L                  
 
 ADDRESS  SIZE DEBUG ORDER TYPE                  NAME
 
 
 
READ ONLY BYTE SIZE =       >0046 
 
READ/WRITE BYTE SIZE =      >0004 
 
OVERLAY SEGMENT BYTE SIZE = >0000 
 
TOTAL BYTE SIZE =           >004A 
 
    0 ERRORS 
 
    0 WARNINGS 
